Iniciando el muestreo con CmdStanPy...
Chain [1] method = sample (Default)
Chain [1] sample
Chain [1] num_samples = 800
Chain [1] num_warmup = 200
Chain [1] save_warmup = false (Default)
Chain [1] thin = 1 (Default)
Chain [1] adapt
Chain [1] engaged = true (Default)
Chain [1] gamma = 0.05 (Default)
Chain [1] delta = 0.95
Chain [1] kappa = 0.75 (Default)
Chain [1] t0 = 10 (Default)
Chain [1] init_buffer = 75 (Default)
Chain [1] term_buffer = 50 (Default)
Chain [1] window = 25 (Default)
Chain [1] save_metric = false (Default)
Chain [1] algorithm = hmc (Default)
Chain [1] hmc
Chain [1] engine = nuts (Default)
Chain [1] nuts
Chain [1] max_depth = 12
Chain [1] metric = diag_e (Default)
Chain [1] metric_file =  (Default)
Chain [1] stepsize = 1 (Default)
Chain [1] stepsize_jitter = 0 (Default)
Chain [1] num_chains = 1 (Default)
Chain [1] id = 1 (Default)
Chain [1] data
Chain [1] file = /tmp/tmpm0jti4eh/emb9pdu5.json
Chain [1] init = /tmp/tmpm0jti4eh/bj4ggkl6.json
Chain [1] random
Chain [1] seed = 13
Chain [1] output
Chain [1] file = /tmp/tmpm0jti4eh/seir_fracvyrralwh2/seir_fracv-20260712205956.csv
Chain [1] diagnostic_file =  (Default)
Chain [1] refresh = 100 (Default)
Chain [1] sig_figs = 8 (Default)
Chain [1] profile_file = profile.csv (Default)
Chain [1] save_cmdstan_config = false (Default)
Chain [1] num_threads = 1 (Default)
Chain [1] 
Chain [1] 
Chain [1] Gradient evaluation took 0.001629 seconds
Chain [1] 1000 transitions using 10 leapfrog steps per transition would take 16.29 seconds.
Chain [1] Adjust your expectations accordingly!
Chain [1] 
Chain [1] 
Chain [1] Iteration:   1 / 1000 [  0%]  (Warmup)
Chain [1] Informational Message: The current Metropolis proposal is about to be rejected because of the following issue:
Chain [1] Exception: neg_binomial_2_lpmf: Location parameter is inf, but must be positive finite! (in 'seir_fracv.stan', line 159, column 4 to column 40)
Chain [1] If this warning occurs sporadically, such as for highly constrained variable types like covariance matrices, then the sampler is fine,
Chain [1] but if this warning occurs often then your model may be either severely ill-conditioned or misspecified.
Chain [1] 
Chain [1] Iteration: 100 / 1000 [ 10%]  (Warmup)
Chain [1] Iteration: 200 / 1000 [ 20%]  (Warmup)
Chain [1] Iteration: 201 / 1000 [ 20%]  (Sampling)
Chain [1] Iteration: 300 / 1000 [ 30%]  (Sampling)
Chain [1] Iteration: 400 / 1000 [ 40%]  (Sampling)
Chain [1] Iteration: 500 / 1000 [ 50%]  (Sampling)
Chain [1] Iteration: 600 / 1000 [ 60%]  (Sampling)
Chain [1] Iteration: 700 / 1000 [ 70%]  (Sampling)
Chain [1] Iteration: 800 / 1000 [ 80%]  (Sampling)
Chain [1] Iteration: 900 / 1000 [ 90%]  (Sampling)
Chain [1] Iteration: 1000 / 1000 [100%]  (Sampling)
Chain [1] 
Chain [1] Elapsed Time: 22.151 seconds (Warm-up)
Chain [1] 42.888 seconds (Sampling)
Chain [1] 65.039 seconds (Total)
Chain [1] 
Chain [1] 
Muestreo terminado exitosamente.
