Iniciando el muestreo con CmdStanPy...
Chain [1] method = sample (Default)
Chain [1] sample
Chain [1] num_samples = 9000
Chain [1] num_warmup = 1000 (Default)
Chain [1] save_warmup = false (Default)
Chain [1] thin = 1 (Default)
Chain [1] adapt
Chain [1] engaged = true (Default)
Chain [1] gamma = 0.05 (Default)
Chain [1] delta = 0.95
Chain [1] kappa = 0.75 (Default)
Chain [1] t0 = 10 (Default)
Chain [1] init_buffer = 75 (Default)
Chain [1] term_buffer = 50 (Default)
Chain [1] window = 25 (Default)
Chain [1] save_metric = false (Default)
Chain [1] algorithm = hmc (Default)
Chain [1] hmc
Chain [1] engine = nuts (Default)
Chain [1] nuts
Chain [1] max_depth = 12
Chain [1] metric = diag_e (Default)
Chain [1] metric_file =  (Default)
Chain [1] stepsize = 1 (Default)
Chain [1] stepsize_jitter = 0 (Default)
Chain [1] num_chains = 1 (Default)
Chain [1] id = 1 (Default)
Chain [1] data
Chain [1] file = /tmp/tmp589l_tgq/6mo66z4_.json
Chain [1] init = /tmp/tmp589l_tgq/9l8cjhcg.json
Chain [1] random
Chain [1] seed = 13
Chain [1] output
Chain [1] file = /tmp/tmp589l_tgq/seir_fracvkxs6upuy/seir_fracv-20260713005128_1.csv
Chain [1] diagnostic_file =  (Default)
Chain [1] refresh = 100 (Default)
Chain [1] sig_figs = 8 (Default)
Chain [1] profile_file = profile.csv (Default)
Chain [1] save_cmdstan_config = false (Default)
Chain [1] num_threads = 1 (Default)
Chain [1] 
Chain [2] method = sample (Default)
Chain [2] sample
Chain [2] num_samples = 9000
Chain [2] num_warmup = 1000 (Default)
Chain [2] save_warmup = false (Default)
Chain [2] thin = 1 (Default)
Chain [2] adapt
Chain [2] engaged = true (Default)
Chain [2] gamma = 0.05 (Default)
Chain [2] delta = 0.95
Chain [2] kappa = 0.75 (Default)
Chain [2] t0 = 10 (Default)
Chain [2] init_buffer = 75 (Default)
Chain [2] term_buffer = 50 (Default)
Chain [2] window = 25 (Default)
Chain [2] save_metric = false (Default)
Chain [2] algorithm = hmc (Default)
Chain [2] hmc
Chain [2] engine = nuts (Default)
Chain [2] nuts
Chain [2] max_depth = 12
Chain [2] metric = diag_e (Default)
Chain [2] metric_file =  (Default)
Chain [2] stepsize = 1 (Default)
Chain [2] stepsize_jitter = 0 (Default)
Chain [2] num_chains = 1 (Default)
Chain [2] id = 2
Chain [2] data
Chain [2] file = /tmp/tmp589l_tgq/6mo66z4_.json
Chain [2] init = /tmp/tmp589l_tgq/9l8cjhcg.json
Chain [2] random
Chain [2] seed = 13
Chain [2] output
Chain [2] file = /tmp/tmp589l_tgq/seir_fracvkxs6upuy/seir_fracv-20260713005128_2.csv
Chain [2] diagnostic_file =  (Default)
Chain [2] refresh = 100 (Default)
Chain [2] sig_figs = 8 (Default)
Chain [2] profile_file = profile.csv (Default)
Chain [2] save_cmdstan_config = false (Default)
Chain [2] num_threads = 1 (Default)
Chain [2] 
Chain [1] 
Chain [1] Gradient evaluation took 0.453471 seconds
Chain [1] 1000 transitions using 10 leapfrog steps per transition would take 4534.71 seconds.
Chain [1] Adjust your expectations accordingly!
Chain [1] 
Chain [1] 
Chain [2] 
Chain [2] Gradient evaluation took 0.460091 seconds
Chain [2] 1000 transitions using 10 leapfrog steps per transition would take 4600.91 seconds.
Chain [2] Adjust your expectations accordingly!
Chain [2] 
Chain [2] 
Chain [1] Iteration:    1 / 10000 [  0%]  (Warmup)
Chain [2] Iteration:    1 / 10000 [  0%]  (Warmup)
Chain [2] Informational Message: The current Metropolis proposal is about to be rejected because of the following issue:
Chain [2] Exception: neg_binomial_2_lpmf: Location parameter is inf, but must be positive finite! (in 'seir_fracv.stan', line 204, column 4 to column 40)
Chain [2] If this warning occurs sporadically, such as for highly constrained variable types like covariance matrices, then the sampler is fine,
Chain [2] but if this warning occurs often then your model may be either severely ill-conditioned or misspecified.
Chain [2] 
Chain [1] Informational Message: The current Metropolis proposal is about to be rejected because of the following issue:
Chain [1] Exception: neg_binomial_2_lpmf: Location parameter is inf, but must be positive finite! (in 'seir_fracv.stan', line 204, column 4 to column 40)
Chain [1] If this warning occurs sporadically, such as for highly constrained variable types like covariance matrices, then the sampler is fine,
Chain [1] but if this warning occurs often then your model may be either severely ill-conditioned or misspecified.
Chain [1] 
Chain [2] Informational Message: The current Metropolis proposal is about to be rejected because of the following issue:
Chain [2] Exception: neg_binomial_2_lpmf: Location parameter is inf, but must be positive finite! (in 'seir_fracv.stan', line 204, column 4 to column 40)
Chain [2] If this warning occurs sporadically, such as for highly constrained variable types like covariance matrices, then the sampler is fine,
Chain [2] but if this warning occurs often then your model may be either severely ill-conditioned or misspecified.
Chain [2] 
Chain [1] Iteration:  100 / 10000 [  1%]  (Warmup)
Chain [2] Iteration:  100 / 10000 [  1%]  (Warmup)
Chain [1] Iteration:  200 / 10000 [  2%]  (Warmup)
Chain [2] Iteration:  200 / 10000 [  2%]  (Warmup)
Chain [2] Iteration:  300 / 10000 [  3%]  (Warmup)
Chain [1] Iteration:  300 / 10000 [  3%]  (Warmup)
Chain [2] Iteration:  400 / 10000 [  4%]  (Warmup)
Chain [1] Iteration:  400 / 10000 [  4%]  (Warmup)
Chain [2] Iteration:  500 / 10000 [  5%]  (Warmup)
Chain [1] Iteration:  500 / 10000 [  5%]  (Warmup)
Chain [2] Iteration:  600 / 10000 [  6%]  (Warmup)
Chain [1] Iteration:  600 / 10000 [  6%]  (Warmup)
