Iniciando el muestreo con CmdStanPy...
Chain [1] method = sample (Default)
Chain [1] sample
Chain [1] num_samples = 8000
Chain [1] num_warmup = 1000 (Default)
Chain [1] save_warmup = false (Default)
Chain [1] thin = 1 (Default)
Chain [1] adapt
Chain [1] engaged = true (Default)
Chain [1] gamma = 0.05 (Default)
Chain [1] delta = 0.95
Chain [1] kappa = 0.75 (Default)
Chain [1] t0 = 10 (Default)
Chain [1] init_buffer = 75 (Default)
Chain [1] term_buffer = 50 (Default)
Chain [1] window = 25 (Default)
Chain [1] save_metric = false (Default)
Chain [1] algorithm = hmc (Default)
Chain [1] hmc
Chain [1] engine = nuts (Default)
Chain [1] nuts
Chain [1] max_depth = 12
Chain [1] metric = diag_e (Default)
Chain [1] metric_file =  (Default)
Chain [1] stepsize = 1 (Default)
Chain [1] stepsize_jitter = 0 (Default)
Chain [1] num_chains = 1 (Default)
Chain [1] id = 1 (Default)
Chain [1] data
Chain [1] file = /tmp/tmpkoja4u3g/vtq5vujr.json
Chain [1] init = /tmp/tmpkoja4u3g/xjx04_57.json
Chain [1] random
Chain [1] seed = 13
Chain [1] output
Chain [1] file = /tmp/tmpkoja4u3g/seir_fracviv6i26m3/seir_fracv-20260713004837.csv
Chain [1] diagnostic_file =  (Default)
Chain [1] refresh = 100 (Default)
Chain [1] sig_figs = 8 (Default)
Chain [1] profile_file = profile.csv (Default)
Chain [1] save_cmdstan_config = false (Default)
Chain [1] num_threads = 1 (Default)
Chain [1] 
Chain [1] 
Chain [1] Gradient evaluation took 10.0522 seconds
Chain [1] 1000 transitions using 10 leapfrog steps per transition would take 100522 seconds.
Chain [1] Adjust your expectations accordingly!
Chain [1] 
Chain [1] 
